Component: ARM Compiler 5.05 update 1 (build 106) Tool: armlink [4d0efa]

==============================================================================

Section Cross References

    startup_stm32f10x_hd.o(RESET) refers to startup_stm32f10x_hd.o(STACK) for __initial_sp
    startup_stm32f10x_hd.o(RESET) refers to startup_stm32f10x_hd.o(.text) for Reset_Handler
    startup_stm32f10x_hd.o(RESET) refers to stm32f10x_it.o(.text) for NMI_Handler
    startup_stm32f10x_hd.o(RESET) refers to port.o(.emb_text) for SVC_Handler
    startup_stm32f10x_hd.o(RESET) refers to can.o(.text) for USB_LP_CAN1_RX0_IRQHandler
    startup_stm32f10x_hd.o(RESET) refers to bsp_usart.o(.text) for USART2_IRQHandler
    startup_stm32f10x_hd.o(.text) refers to system_stm32f10x.o(.text) for SystemInit
    startup_stm32f10x_hd.o(.text) refers to entry.o(.ARM.Collect$$$$00000000) for __main
    system_stm32f10x.o(.text) refers to system_stm32f10x.o(.data) for .data
    stm32f10x_adc.o(.text) refers to stm32f10x_rcc.o(.text) for RCC_APB2PeriphResetCmd
    stm32f10x_bkp.o(.text) refers to stm32f10x_rcc.o(.text) for RCC_BackupResetCmd
    stm32f10x_can.o(.text) refers to stm32f10x_rcc.o(.text) for RCC_APB1PeriphResetCmd
    stm32f10x_cec.o(.text) refers to stm32f10x_rcc.o(.text) for RCC_APB1PeriphResetCmd
    stm32f10x_dac.o(.text) refers to stm32f10x_rcc.o(.text) for RCC_APB1PeriphResetCmd
    stm32f10x_gpio.o(.text) refers to stm32f10x_rcc.o(.text) for RCC_APB2PeriphResetCmd
    stm32f10x_i2c.o(.text) refers to stm32f10x_rcc.o(.text) for RCC_APB1PeriphResetCmd
    stm32f10x_pwr.o(.text) refers to stm32f10x_rcc.o(.text) for RCC_APB1PeriphResetCmd
    stm32f10x_rcc.o(.text) refers to stm32f10x_rcc.o(.data) for .data
    stm32f10x_spi.o(.text) refers to stm32f10x_rcc.o(.text) for RCC_APB2PeriphResetCmd
    stm32f10x_tim.o(.text) refers to stm32f10x_rcc.o(.text) for RCC_APB1PeriphResetCmd
    stm32f10x_usart.o(.text) refers to stm32f10x_rcc.o(.text) for RCC_APB2PeriphResetCmd
    stm32f10x_wwdg.o(.text) refers to stm32f10x_rcc.o(.text) for RCC_APB1PeriphResetCmd
    main.o(.text) refers to memseta.o(.text) for __aeabi_memclr4
    main.o(.text) refers to can.o(.text) for CANinit
    main.o(.text) refers to tasks.o(.text) for vTaskDelay
    main.o(.text) refers to queue.o(.text) for xQueueGenericReceive
    main.o(.text) refers to printfa.o(i.__0printf) for __2printf
    main.o(.text) refers to bsp_usart.o(.text) for Atkble02Rec
    main.o(.text) refers to printfa.o(i.__0sprintf) for __2sprintf
    main.o(.text) refers to main.o(.data) for .data
    main.o(.text) refers to can.o(.data) for newOBDdata
    main.o(.text) refers to strstr.o(.text) for strstr
    main.o(.text) refers to port.o(.text) for vPortEnterCritical
    main.o(.text) refers to misc.o(.text) for NVIC_PriorityGroupConfig
    main.o(.text) refers to delay.o(.text) for BASIC_TIM_Init
    main.o(.text) refers to beep.o(.text) for BEEP_Init
    main.o(.text) refers to can.o(.data) for numofask
    main.o(.text) refers to can.o(.data) for OBDdataHz_new
    stm32f10x_it.o(.text) refers to tasks.o(.text) for xTaskGetSchedulerState
    stm32f10x_it.o(.text) refers to port.o(.text) for xPortSysTickHandler
    bsp_usart.o(.text) refers to stm32f10x_rcc.o(.text) for RCC_APB2PeriphClockCmd
    bsp_usart.o(.text) refers to stm32f10x_gpio.o(.text) for GPIO_Init
    bsp_usart.o(.text) refers to stm32f10x_usart.o(.text) for USART_Init
    bsp_usart.o(.text) refers to misc.o(.text) for NVIC_PriorityGroupConfig
    bsp_usart.o(.text) refers to queue.o(.text) for xQueueGenericSendFromISR
    bsp_usart.o(.text) refers to printfa.o(i.__0printf) for __2printf
    bsp_usart.o(.text) refers to strstr.o(.text) for strstr
    bsp_usart.o(.text) refers to main.o(.data) for ATKBLE02_Queue
    bsp_usart.o(.text) refers to main.o(.bss) for Save_Data
    bsp_usart.o(.text) refers to memcpya.o(.text) for __aeabi_memcpy
    bsp_usart.o(.text) refers to memseta.o(.text) for __aeabi_memclr4
    bsp_usart.o(.text) refers to printfa.o(i.__0sprintf) for __2sprintf
    bsp_usart.o(.text) refers to strncpy.o(.text) for strncpy
    bsp_usart.o(.text) refers to atof.o(i.atof) for atof
    bsp_usart.o(.text) refers to strcmp.o(.text) for strcmp
    bsp_usart.o(.text) refers to tasks.o(.text) for vTaskDelay
    bsp_usart.o(.text) refers to bsp_usart.o(.bss) for .bss
    bsp_usart.o(.text) refers to bsp_usart.o(.data) for .data
    delay.o(.text) refers to stm32f10x_rcc.o(.text) for RCC_APB1PeriphClockCmd
    delay.o(.text) refers to stm32f10x_tim.o(.text) for TIM_TimeBaseInit
    cjson.o(.text) refers to tolower.o(.text) for tolower
    cjson.o(.text) refers to dflti.o(.text) for __aeabi_i2d
    cjson.o(.text) refers to dmul.o(.text) for __aeabi_dmul
    cjson.o(.text) refers to dadd.o(.text) for __aeabi_dadd
    cjson.o(.text) refers to pow.o(i.pow) for pow
    cjson.o(.text) refers to dfixi.o(.text) for __aeabi_d2iz
    cjson.o(.text) refers to memcpya.o(.text) for __aeabi_memcpy
[...]
    .text                                    0x080070d0   Section        0  strncpy.o(.text)
    .text                                    0x080070e8   Section        0  strchr.o(.text)
    .text                                    0x080070fc   Section        0  strlen.o(.text)
    .text                                    0x0800710a   Section        0  strcmp.o(.text)
    .text                                    0x08007126   Section        0  strcpy.o(.text)
    .text                                    0x08007138   Section        0  strncmp.o(.text)
    .text                                    0x08007156   Section        0  dadd.o(.text)
    .text                                    0x080072a4   Section        0  dmul.o(.text)
    .text                                    0x08007388   Section        0  dflti.o(.text)
    .text                                    0x080073aa   Section        0  dfltui.o(.text)
    .text                                    0x080073c4   Section        0  dfltul.o(.text)
    .text                                    0x080073dc   Section        0  dfixi.o(.text)
    .text                                    0x0800741a   Section        0  f2d.o(.text)
    .text                                    0x08007440   Section       48  cdcmple.o(.text)
    .text                                    0x08007470   Section       48  cdrcmple.o(.text)
    .text                                    0x080074a0   Section        0  uidiv.o(.text)
    .text                                    0x080074cc   Section        0  uldiv.o(.text)
    .text                                    0x0800752e   Section        0  llshl.o(.text)
    .text                                    0x0800754c   Section        0  llushr.o(.text)
    .text                                    0x0800756c   Section        0  llsshr.o(.text)
    .text                                    0x08007590   Section        0  strtod.o(.text)
    _local_sscanf                            0x08007591   Thumb Code    54  strtod.o(.text)
    .text                                    0x0800762c   Section        0  depilogue.o(.text)
    .text                                    0x0800762c   Section        0  iusefp.o(.text)
    .text                                    0x080076e6   Section        0  ddiv.o(.text)
    .text                                    0x080077c4   Section        0  dscalb.o(.text)
    .text                                    0x080077f2   Section        0  dfixul.o(.text)
    .text                                    0x08007824   Section       36  init.o(.text)
    .text                                    0x08007848   Section        0  isspace_c.o(.text)
    .text                                    0x08007854   Section        0  scanf_fp.o(.text)
    _fp_value                                0x08007855   Thumb Code   256  scanf_fp.o(.text)
    .text                                    0x08007b8c   Section        0  _sgetc.o(.text)
    .text                                    0x08007bcc   Section        0  dsqrt.o(.text)
    .text                                    0x08007c70   Section        0  ctype_c.o(.text)
    .text                                    0x08007c98   Section        0  d2f.o(.text)
    .text                                    0x08007cd0   Section        0  fepilogue.o(.text)
    .text                                    0x08007d3e   Section        0  __dczerorl2.o(.text)
    i.__0printf                              0x08007d94   Section        0  printfa.o(i.__0printf)
    i.__0sprintf                             0x08007db4   Section        0  printfa.o(i.__0sprintf)
    i.__ARM_fpclassify                       0x08007ddc   Section        0  fpclassify.o(i.__ARM_fpclassify)
    i.__kernel_poly                          0x08007e04   Section        0  poly.o(i.__kernel_poly)
    i.__mathlib_dbl_divzero                  0x08007eb0   Section        0  dunder.o(i.__mathlib_dbl_divzero)
    i.__mathlib_dbl_infnan2                  0x08007ec0   Section        0  dunder.o(i.__mathlib_dbl_infnan2)
    i.__mathlib_dbl_invalid                  0x08007ec4   Section        0  dunder.o(i.__mathlib_dbl_invalid)
    i.__mathlib_dbl_overflow                 0x08007ed0   Section        0  dunder.o(i.__mathlib_dbl_overflow)
    i.__mathlib_dbl_underflow                0x08007ee0   Section        0  dunder.o(i.__mathlib_dbl_underflow)
    i.__read_errno                           0x08007ef0   Section        0  errno.o(i.__read_errno)
    i.__scatterload_copy                     0x08007efc   Section       14  handlers.o(i.__scatterload_copy)
    i.__scatterload_null                     0x08007f0a   Section        2  handlers.o(i.__scatterload_null)
    i.__scatterload_zeroinit                 0x08007f0c   Section       14  handlers.o(i.__scatterload_zeroinit)
    i.__set_errno                            0x08007f1c   Section        0  errno.o(i.__set_errno)
    i._fp_digits                             0x08007f28   Section        0  printfa.o(i._fp_digits)
    _fp_digits                               0x08007f29   Thumb Code   334  printfa.o(i._fp_digits)
    i._is_digit                              0x0800808c   Section        0  scanf_fp.o(i._is_digit)
    i._printf_core                           0x0800809c   Section        0  printfa.o(i._printf_core)
    _printf_core                             0x0800809d   Thumb Code  1744  printfa.o(i._printf_core)
    i._printf_post_padding                   0x08008778   Section        0  printfa.o(i._printf_post_padding)
    _printf_post_padding                     0x08008779   Thumb Code    36  printfa.o(i._printf_post_padding)
    i._printf_pre_padding                    0x0800879c   Section        0  printfa.o(i._printf_pre_padding)
    _printf_pre_padding                      0x0800879d   Thumb Code    46  printfa.o(i._printf_pre_padding)
    i._sputc                                 0x080087ca   Section        0  printfa.o(i._sputc)
    _sputc                                   0x080087cb   Thumb Code    10  printfa.o(i._sputc)
    i.atof                                   0x080087d4   Section        0  atof.o(i.atof)
    i.floor                                  0x08008800   Section        0  floor.o(i.floor)
    i.free                                   0x080088dc   Section        0  malloc.o(i.free)
    i.malloc                                 0x0800892c   Section        0  malloc.o(i.malloc)
    i.pow                                    0x08008998   Section        0  pow.o(i.pow)
    i.sqrt                                   0x08009350   Section        0  sqrt.o(i.sqrt)
    .constdata                               0x0800939c   Section        7  cjson.o(.constdata)
    firstByteMark                            0x0800939c   Data           7  cjson.o(.constdata)
    .constdata                               0x080093a8   Section      136  pow.o(.constdata)
    bp                                       0x080093a8   Data          16  pow.o(.constdata)
    dp_h                                     0x080093b8   Data          16  pow.o(.constdata)
    dp_l                                     0x080093c8   Data          16  pow.o(.constdata)
    L                                        0x080093d8   Data          48  pow.o(.constdata)
    P                                        0x08009408   Data          40  pow.o(.constdata)
    .constdata                               0x08009430   Section        8  qnan.o(.constdata)
    .constdata                               0x08009438   Section       64  ctype_c.o(.constdata)
    .conststring                             0x08009478   Section      152  can.o(.conststring)
    .data                                    0x20000000   Section       20  system_stm32f10x.o(.data)
    .data                                    0x20000014   Section       20  stm32f10x_rcc.o(.data)
    ADCPrescTable                            0x20000014   Data           4  stm32f10x_rcc.o(.data)
    APBAHBPrescTable                         0x20000018   Data          16  stm32f10x_rcc.o(.data)
    .data                                    0x20000028   Section       56  main.o(.data)
    AppTaskCreate_Handle                     0x20000030   Data           4  main.o(.data)
    OBDASKDATA_Task_Handle                   0x20000034   Data           4  main.o(.data)
    OBDGETDATA_Task_Handle                   0x20000038   Data           4  main.o(.data)
    ATKBLE02_Task_Handle                     0x2000003c   Data           4  main.o(.data)
    OBDTEST_Task_Handle                      0x20000040   Data           4  main.o(.data)
    .data                                    0x20000060   Section       84  bsp_usart.o(.data)
    ucRxCnt                                  0x20000060   Data           1  bsp_usart.o(.data)
    ucRxCnt                                  0x20000061   Data           1  bsp_usart.o(.data)
    .data                                    0x200000b4   Section       12  cjson.o(.data)
    cJSON_malloc                             0x200000b4   Data           4  cjson.o(.data)
    cJSON_free                               0x200000b8   Data           4  cjson.o(.data)
    ep                                       0x200000bc   Data           4  cjson.o(.data)
    .data                                    0x200000c0   Section        1  can.o(.data)
    .data                                    0x200000c4   Section      600  can.o(.data)
    .data                                    0x2000031c   Section       25  can.o(.data)
    .data                                    0x20000338   Section       60  tasks.o(.data)
    uxDeletedTasksWaitingCleanUp             0x2000033c   Data           4  tasks.o(.data)
    uxCurrentNumberOfTasks                   0x20000340   Data           4  tasks.o(.data)
    xTickCount                               0x20000344   Data           4  tasks.o(.data)
    uxTopReadyPriority                       0x20000348   Data           4  tasks.o(.data)
    xSchedulerRunning                        0x2000034c   Data           4  tasks.o(.data)
    uxPendedTicks                            0x20000350   Data           4  tasks.o(.data)
    xYieldPending                            0x20000354   Data           4  tasks.o(.data)
    xNumOfOverflows                          0x20000358   Data           4  tasks.o(.data)
    uxTaskNumber                             0x2000035c   Data           4  tasks.o(.data)
    xNextTaskUnblockTime                     0x20000360   Data           4  tasks.o(.data)
    xIdleTaskHandle                          0x20000364   Data           4  tasks.o(.data)
    uxSchedulerSuspended                     0x20000368   Data           4  tasks.o(.data)
    pxDelayedTaskList                        0x2000036c   Data           4  tasks.o(.data)
    pxOverflowDelayedTaskList                0x20000370   Data           4  tasks.o(.data)
    .data                                    0x20000374   Section       24  heap_4.o(.data)
    pxEnd                                    0x20000374   Data           4  heap_4.o(.data)
    xFreeBytesRemaining                      0x20000378   Data           4  heap_4.o(.data)
    xMinimumEverFreeBytesRemaining           0x2000037c   Data           4  heap_4.o(.data)
    xBlockAllocatedBit                       0x20000380   Data           4  heap_4.o(.data)
    xStart                                   0x20000384   Data           8  heap_4.o(.data)
    .data                                    0x2000038c   Section       12  port.o(.data)
    ucMaxSysCallPriority                     0x2000038c   Data           1  port.o(.data)
    uxCriticalNesting                        0x20000390   Data           4  port.o(.data)
    ulMaxPRIGROUPValue                       0x20000394   Data           4  port.o(.data)
    .data                                    0x20000398   Section        4  stdout.o(.data)
    .data                                    0x2000039c   Section        4  mvars.o(.data)
    .data                                    0x200003a0   Section        4  mvars.o(.data)
    .data                                    0x200003a4   Section        4  errno.o(.data)
    _errno                                   0x200003a4   Data           4  errno.o(.data)
    .bss                                     0x200003a8   Section      121  main.o(.bss)
    .bss                                     0x20000421   Section      500  bsp_usart.o(.bss)
    ucRxBuffer                               0x20000421   Data         250  bsp_usart.o(.bss)
    ucRxBuffer                               0x2000051b   Data         250  bsp_usart.o(.bss)
    .bss                                     0x20000618   Section       80  queue.o(.bss)
    .bss                                     0x20000668   Section      740  tasks.o(.bss)
    pxReadyTasksLists                        0x20000668   Data         640  tasks.o(.bss)
    xDelayedTaskList1                        0x200008e8   Data          20  tasks.o(.bss)
    xDelayedTaskList2                        0x200008fc   Data          20  tasks.o(.bss)
    xPendingReadyList                        0x20000910   Data          20  tasks.o(.bss)
    xTasksWaitingTermination                 0x20000924   Data          20  tasks.o(.bss)
    xSuspendedTaskList                       0x20000938   Data          20  tasks.o(.bss)
    .bss                                     0x2000094c   Section    36864  heap_4.o(.bss)
    ucHeap                                   0x2000094c   Data       36864  heap_4.o(.bss)
    HEAP                                     0x20009950   Section      512  startup_stm32f10x_hd.o(HEAP)
    STACK                                    0x20009b50   Section     1024  startup_stm32f10x_hd.o(STACK)

    Global Symbols

    Symbol Name                              Value     Ov Type        Size  Object(Section)

    BuildAttributes$$THM_ISAv4$P$D$K$B$S$PE$A:L22UL41UL21$X:L11$S22US41US21$IEEE1$IW$USESV6$~STKCKD$USESV7$~SHL$OTIME$ROPI$IEEEX$EBA8$MICROLIB$REQ8$PRES8$EABIv2 0x00000000   Number         0  anon$$obj.o ABSOLUTE
    __ARM_use_no_argv                        0x00000000   Number         0  main.o ABSOLUTE
    _printf_a                                0x00000000   Number         0  stubs.o ABSOLUTE
    _printf_c                                0x00000000   Number         0  stubs.o ABSOLUTE
    _printf_charcount                        0x00000000   Number         0  stubs.o ABSOLUTE
    _printf_d                                0x00000000   Number         0  stubs.o ABSOLUTE
    _printf_e                                0x00000000   Number         0  stubs.o ABSOLUTE
    _printf_f                                0x00000000   Number         0  stubs.o ABSOLUTE
    _printf_flags                            0x00000000   Number         0  stubs.o ABSOLUTE
    _printf_fp_dec                           0x00000000   Number         0  stubs.o ABSOLUTE
    _printf_fp_hex                           0x00000000   Number         0  stubs.o ABSOLUTE
    _printf_g                                0x00000000   Number         0  stubs.o ABSOLUTE
    _printf_i                                0x00000000   Number         0  stubs.o ABSOLUTE
    _printf_int_dec                          0x00000000   Number         0  stubs.o ABSOLUTE
    _printf_l                                0x00000000   Number         0  stubs.o ABSOLUTE
    _printf_lc                               0x00000000   Number         0  stubs.o ABSOLUTE
    _printf_ll                               0x00000000   Number         0  stubs.o ABSOLUTE
    _printf_lld                              0x00000000   Number         0  stubs.o ABSOLUTE
    _printf_lli                              0x00000000   Number         0  stubs.o ABSOLUTE
    _printf_llo                              0x00000000   Number         0  stubs.o ABSOLUTE
    _printf_llu                              0x00000000   Number         0  stubs.o ABSOLUTE
    _printf_llx                              0x00000000   Number         0  stubs.o ABSOLUTE
    _printf_longlong_dec                     0x00000000   Number         0  stubs.o ABSOLUTE
    _printf_longlong_hex                     0x00000000   Number         0  stubs.o ABSOLUTE
    _printf_longlong_oct                     0x00000000   Number         0  stubs.o ABSOLUTE
    _printf_ls                               0x00000000   Number         0  stubs.o ABSOLUTE
    _printf_mbtowc                           0x00000000   Number         0  stubs.o ABSOLUTE
    _printf_n                                0x00000000   Number         0  stubs.o ABSOLUTE
    _printf_o                                0x00000000   Number         0  stubs.o ABSOLUTE
    _printf_p                                0x00000000   Number         0  stubs.o ABSOLUTE
    _printf_percent                          0x00000000   Number         0  stubs.o ABSOLUTE
    _printf_pre_padding                      0x00000000   Number         0  stubs.o ABSOLUTE
    _printf_return_value                     0x00000000   Number         0  stubs.o ABSOLUTE
    _printf_s                                0x00000000   Number         0  stubs.o ABSOLUTE
    _printf_sizespec                         0x00000000   Number         0  stubs.o ABSOLUTE
    _printf_str                              0x00000000   Number         0  stubs.o ABSOLUTE
    _printf_truncate_signed                  0x00000000   Number         0  stubs.o ABSOLUTE
    _printf_truncate_unsigned                0x00000000   Number         0  stubs.o ABSOLUTE
    _printf_u                                0x00000000   Number         0  stubs.o ABSOLUTE
    _printf_wc                               0x00000000   Number         0  stubs.o ABSOLUTE
    _printf_wctomb                           0x00000000   Number         0  stubs.o ABSOLUTE
    _printf_widthprec                        0x00000000   Number         0  stubs.o ABSOLUTE
    _printf_x                                0x00000000   Number         0  stubs.o ABSOLUTE
    __cpp_initialize__aeabi_                  - Undefined Weak Reference
    __cxa_finalize                            - Undefined Weak Reference
    _clock_init                               - Undefined Weak Reference
    _microlib_exit                            - Undefined Weak Reference
    __Vectors_Size                           0x00000130   Number         0  startup_stm32f10x_hd.o ABSOLUTE
    __Vectors                                0x08000000   Data           4  startup_stm32f10x_hd.o(RESET)
    __Vectors_End                            0x08000130   Data           0  startup_stm32f10x_hd.o(RESET)
    __main                                   0x08000131   Thumb Code     0  entry.o(.ARM.Collect$$$$00000000)
    _main_stk                                0x08000131   Thumb Code     0  entry2.o(.ARM.Collect$$$$00000001)
    _main_scatterload                        0x08000135   Thumb Code     0  entry5.o(.ARM.Collect$$$$00000004)
    __main_after_scatterload                 0x08000139   Thumb Code     0  entry5.o(.ARM.Collect$$$$00000004)
    _main_clock                              0x08000139   Thumb Code     0  entry7b.o(.ARM.Collect$$$$00000008)
    _main_cpp_init                           0x08000139   Thumb Code     0  entry8b.o(.ARM.Collect$$$$0000000A)
    _main_init                               0x08000139   Thumb Code     0  entry9a.o(.ARM.Collect$$$$0000000B)
    __rt_final_cpp                           0x08000141   Thumb Code     0  entry10a.o(.ARM.Collect$$$$0000000D)
    __rt_final_exit                          0x08000141   Thumb Code     0  entry11a.o(.ARM.Collect$$$$0000000F)
    SVC_Handler                              0x08000145   Thumb Code    32  port.o(.emb_text)
    __asm___6_port_c_39a90d8d__prvStartFirstTask 0x08000169   Thumb Code    28  port.o(.emb_text)
    PendSV_Handler                           0x08000189   Thumb Code    72  port.o(.emb_text)
    vPortGetIPSR                             0x080001d5   Thumb Code     6  port.o(.emb_text)
    Reset_Handler                            0x080001dd   Thumb Code     8  startup_stm32f10x_hd.o(.text)
    ADC1_2_IRQHandler                        0x080001f7   Thumb Code     0  startup_stm32f10x_hd.o(.text)
    ADC3_IRQHandler                          0x080001f7   Thumb Code     0  startup_stm32f10x_hd.o(.text)
    CAN1_RX1_IRQHandler                      0x080001f7   Thumb Code     0  startup_stm32f10x_hd.o(.text)
    CAN1_SCE_IRQHandler                      0x080001f7   Thumb Code     0  startup_stm32f10x_hd.o(.text)
    DMA1_Channel1_IRQHandler                 0x080001f7   Thumb Code     0  startup_stm32f10x_hd.o(.text)
    DMA1_Channel2_IRQHandler                 0x080001f7   Thumb Code     0  startup_stm32f10x_hd.o(.text)
    DMA1_Channel3_IRQHandler                 0x080001f7   Thumb Code     0  startup_stm32f10x_hd.o(.text)
    DMA1_Channel4_IRQHandler                 0x080001f7   Thumb Code     0  startup_stm32f10x_hd.o(.text)
    DMA1_Channel5_IRQHandler                 0x080001f7   Thumb Code     0  startup_stm32f10x_hd.o(.text)
    DMA1_Channel6_IRQHandler                 0x080001f7   Thumb Code     0  startup_stm32f10x_hd.o(.text)
    DMA1_Channel7_IRQHandler                 0x080001f7   Thumb Code     0  startup_stm32f10x_hd.o(.text)
    DMA2_Channel1_IRQHandler                 0x080001f7   Thumb Code     0  startup_stm32f10x_hd.o(.text)
    DMA2_Channel2_IRQHandler                 0x080001f7   Thumb Code     0  startup_stm32f10x_hd.o(.text)
    DMA2_Channel3_IRQHandler                 0x080001f7   Thumb Code     0  startup_stm32f10x_hd.o(.text)
    DMA2_Channel4_5_IRQHandler               0x080001f7   Thumb Code     0  startup_stm32f10x_hd.o(.text)
    EXTI0_IRQHandler                         0x080001f7   Thumb Code     0  startup_stm32f10x_hd.o(.text)
    EXTI15_10_IRQHandler                     0x080001f7   Thumb Code     0  startup_stm32f10x_hd.o(.text)
    EXTI1_IRQHandler                         0x080001f7   Thumb Code     0  startup_stm32f10x_hd.o(.text)
    EXTI2_IRQHandler                         0x080001f7   Thumb Code     0  startup_stm32f10x_hd.o(.text)
    EXTI3_IRQHandler                         0x080001f7   Thumb Code     0  startup_stm32f10x_hd.o(.text)
    EXTI4_IRQHandler                         0x080001f7   Thumb Code     0  startup_stm32f10x_hd.o(.text)
    EXTI9_5_IRQHandler                       0x080001f7   Thumb Code     0  startup_stm32f10x_hd.o(.text)
    FLASH_IRQHandler                         0x080001f7   Thumb Code     0  startup_stm32f10x_hd.o(.text)
    FSMC_IRQHandler                          0x080001f7   Thumb Code     0  startup_stm32f10x_hd.o(.text)
    I2C1_ER_IRQHandler                       0x080001f7   Thumb Code     0  startup_stm32f10x_hd.o(.text)
    I2C1_EV_IRQHandler                       0x080001f7   Thumb Code     0  startup_stm32f10x_hd.o(.text)
    I2C2_ER_IRQHandler                       0x080001f7   Thumb Code     0  startup_stm32f10x_hd.o(.text)
    I2C2_EV_IRQHandler                       0x080001f7   Thumb Code     0  startup_stm32f10x_hd.o(.text)
    PVD_IRQHandler                           0x080001f7   Thumb Code     0  startup_stm32f10x_hd.o(.text)
    RCC_IRQHandler                           0x080001f7   Thumb Code     0  startup_stm32f10x_hd.o(.text)
    RTCAlarm_IRQHandler                      0x080001f7   Thumb Code     0  startup_stm32f10x_hd.o(.text)
    RTC_IRQHandler                           0x080001f7   Thumb Code     0  startup_stm32f10x_hd.o(.text)
    SDIO_IRQHandler                          0x080001f7   Thumb Code     0  startup_stm32f10x_hd.o(.text)
    SPI1_IRQHandler                          0x080001f7   Thumb Code     0  startup_stm32f10x_hd.o(.text)
    SPI2_IRQHandler                          0x080001f7   Thumb Code     0  startup_stm32f10x_hd.o(.text)
    SPI3_IRQHandler                          0x080001f7   Thumb Code     0  startup_stm32f10x_hd.o(.text)
    TAMPER_IRQHandler                        0x080001f7   Thumb Code     0  startup_stm32f10x_hd.o(.text)
    TIM1_BRK_IRQHandler                      0x080001f7   Thumb Code     0  startup_stm32f10x_hd.o(.text)
    TIM1_CC_IRQHandler                       0x080001f7   Thumb Code     0  startup_stm32f10x_hd.o(.text)
    TIM1_TRG_COM_IRQHandler                  0x080001f7   Thumb Code     0  startup_stm32f10x_hd.o(.text)
    TIM1_UP_IRQHandler                       0x080001f7   Thumb Code     0  startup_stm32f10x_hd.o(.text)
    TIM2_IRQHandler                          0x080001f7   Thumb Code     0  startup_stm32f10x_hd.o(.text)
    TIM3_IRQHandler                          0x080001f7   Thumb Code     0  startup_stm32f10x_hd.o(.text)
    TIM4_IRQHandler                          0x080001f7   Thumb Code     0  startup_stm32f10x_hd.o(.text)
    TIM5_IRQHandler                          0x080001f7   Thumb Code     0  startup_stm32f10x_hd.o(.text)
    TIM6_IRQHandler                          0x080001f7   Thumb Code     0  startup_stm32f10x_hd.o(.text)
    TIM7_IRQHandler                          0x080001f7   Thumb Code     0  startup_stm32f10x_hd.o(.text)
    TIM8_BRK_IRQHandler                      0x080001f7   Thumb Code     0  startup_stm32f10x_hd.o(.text)
    TIM8_CC_IRQHandler                       0x080001f7   Thumb Code     0  startup_stm32f10x_hd.o(.text)
    TIM8_TRG_COM_IRQHandler                  0x080001f7   Thumb Code     0  startup_stm32f10x_hd.o(.text)
    TIM8_UP_IRQHandler                       0x080001f7   Thumb Code     0  startup_stm32f10x_hd.o(.text)
    UART4_IRQHandler                         0x080001f7   Thumb Code     0  startup_stm32f10x_hd.o(.text)
    USART1_IRQHandler                        0x080001f7   Thumb Code     0  startup_stm32f10x_hd.o(.text)
    USBWakeUp_IRQHandler                     0x080001f7   Thumb Code     0  startup_stm32f10x_hd.o(.text)
    USB_HP_CAN1_TX_IRQHandler                0x080001f7   Thumb Code     0  startup_stm32f10x_hd.o(.text)
    WWDG_IRQHandler                          0x080001f7   Thumb Code     0  startup_stm32f10x_hd.o(.text)
    SystemInit                               0x080002a1   Thumb Code    64  system_stm32f10x.o(.text)
    SystemCoreClockUpdate                    0x080002e1   Thumb Code    86  system_stm32f10x.o(.text)
    NVIC_PriorityGroupConfig                 0x08000359   Thumb Code    10  misc.o(.text)
    NVIC_Init                                0x08000363   Thumb Code    94  misc.o(.text)
    NVIC_SetVectorTable                      0x080003c1   Thumb Code    14  misc.o(.text)
    NVIC_SystemLPConfig                      0x080003cf   Thumb Code    20  misc.o(.text)
    SysTick_CLKSourceConfig                  0x080003e3   Thumb Code    24  misc.o(.text)
    CAN_DeInit                               0x08000409   Thumb Code    38  stm32f10x_can.o(.text)
    CAN_Init                                 0x0800042f   Thumb Code   232  stm32f10x_can.o(.text)
    CAN_FilterInit                           0x08000517   Thumb Code   194  stm32f10x_can.o(.text)
    CAN_StructInit                           0x080005d9   Thumb Code    32  stm32f10x_can.o(.text)
    CAN_SlaveStartBank                       0x080005f9   Thumb Code    38  stm32f10x_can.o(.text)
    CAN_DBGFreeze                            0x0800061f   Thumb Code    20  stm32f10x_can.o(.text)
    CAN_TTComModeCmd                         0x08000633   Thumb Code    90  stm32f10x_can.o(.text)
    CAN_Transmit                             0x0800068d   Thumb Code   164  stm32f10x_can.o(.text)
    CAN_TransmitStatus                       0x08000731   Thumb Code    88  stm32f10x_can.o(.text)
    CAN_CancelTransmit                       0x08000789   Thumb Code    36  stm32f10x_can.o(.text)
    CAN_Receive                              0x080007ad   Thumb Code   178  stm32f10x_can.o(.text)
    CAN_FIFORelease                          0x0800085f   Thumb Code    22  stm32f10x_can.o(.text)
    CAN_MessagePending                       0x08000875   Thumb Code    22  stm32f10x_can.o(.text)
    CAN_OperatingModeRequest                 0x0800088b   Thumb Code   140  stm32f10x_can.o(.text)
    CAN_Sleep                                0x08000917   Thumb Code    30  stm32f10x_can.o(.text)
    CAN_WakeUp                               0x08000935   Thumb Code    40  stm32f10x_can.o(.text)
    CAN_GetLastErrorCode                     0x0800095d   Thumb Code    10  stm32f10x_can.o(.text)
    CAN_GetReceiveErrorCounter               0x08000967   Thumb Code     6  stm32f10x_can.o(.text)
    CAN_GetLSBTransmitErrorCounter           0x0800096d   Thumb Code     8  stm32f10x_can.o(.text)
    CAN_ITConfig                             0x08000975   Thumb Code    16  stm32f10x_can.o(.text)
    CAN_GetFlagStatus                        0x08000985   Thumb Code    52  stm32f10x_can.o(.text)
    CAN_ClearFlag                            0x080009b9   Thumb Code    44  stm32f10x_can.o(.text)
    CAN_GetITStatus                          0x080009e5   Thumb Code   162  stm32f10x_can.o(.text)
    CAN_ClearITPendingBit                    0x08000a87   Thumb Code   116  stm32f10x_can.o(.text)
    GPIO_DeInit                              0x08000b11   Thumb Code   152  stm32f10x_gpio.o(.text)
    GPIO_AFIODeInit                          0x08000ba9   Thumb Code    22  stm32f10x_gpio.o(.text)
    GPIO_Init                                0x08000bbf   Thumb Code   156  stm32f10x_gpio.o(.text)
    GPIO_StructInit                          0x08000c5b   Thumb Code    16  stm32f10x_gpio.o(.text)
    GPIO_ReadInputDataBit                    0x08000c6b   Thumb Code    14  stm32f10x_gpio.o(.text)
    GPIO_ReadInputData                       0x08000c79   Thumb Code     6  stm32f10x_gpio.o(.text)
    GPIO_ReadOutputDataBit                   0x08000c7f   Thumb Code    14  stm32f10x_gpio.o(.text)
    GPIO_ReadOutputData                      0x08000c8d   Thumb Code     6  stm32f10x_gpio.o(.text)
    GPIO_SetBits                             0x08000c93   Thumb Code     4  stm32f10x_gpio.o(.text)
    GPIO_ResetBits                           0x08000c97   Thumb Code     4  stm32f10x_gpio.o(.text)
    GPIO_WriteBit                            0x08000c9b   Thumb Code    10  stm32f10x_gpio.o(.text)
    GPIO_Write                               0x08000ca5   Thumb Code     4  stm32f10x_gpio.o(.text)
    GPIO_PinLockConfig                       0x08000ca9   Thumb Code    16  stm32f10x_gpio.o(.text)
    GPIO_EventOutputConfig                   0x08000cb9   Thumb Code    22  stm32f10x_gpio.o(.text)
    GPIO_EventOutputCmd                      0x08000ccf   Thumb Code     6  stm32f10x_gpio.o(.text)
    GPIO_PinRemapConfig                      0x08000cd5   Thumb Code    82  stm32f10x_gpio.o(.text)
    GPIO_EXTILineConfig                      0x08000d27   Thumb Code    34  stm32f10x_gpio.o(.text)
    GPIO_ETH_MediaInterfaceConfig            0x08000d49   Thumb Code     8  stm32f10x_gpio.o(.text)
    RCC_DeInit                               0x08000d75   Thumb Code    50  stm32f10x_rcc.o(.text)
    RCC_HSEConfig                            0x08000da7   Thumb Code    48  stm32f10x_rcc.o(.text)
    RCC_GetFlagStatus                        0x08000dd7   Thumb Code    42  stm32f10x_rcc.o(.text)
    RCC_WaitForHSEStartUp                    0x08000e01   Thumb Code    44  stm32f10x_rcc.o(.text)
    RCC_AdjustHSICalibrationValue            0x08000e2d   Thumb Code    16  stm32f10x_rcc.o(.text)
    RCC_HSICmd                               0x08000e3d   Thumb Code     6  stm32f10x_rcc.o(.text)
    RCC_PLLConfig                            0x08000e43   Thumb Code    16  stm32f10x_rcc.o(.text)
    RCC_PLLCmd                               0x08000e53   Thumb Code     6  stm32f10x_rcc.o(.text)
    RCC_SYSCLKConfig                         0x08000e59   Thumb Code    14  stm32f10x_rcc.o(.text)
    RCC_GetSYSCLKSource                      0x08000e67   Thumb Code    10  stm32f10x_rcc.o(.text)
    RCC_HCLKConfig                           0x08000e71   Thumb Code    14  stm32f10x_rcc.o(.text)
    RCC_PCLK1Config                          0x08000e7f   Thumb Code    14  stm32f10x_rcc.o(.text)
    RCC_PCLK2Config                          0x08000e8d   Thumb Code    16  stm32f10x_rcc.o(.text)
    RCC_ITConfig                             0x08000e9d   Thumb Code    18  stm32f10x_rcc.o(.text)
    RCC_USBCLKConfig                         0x08000eaf   Thumb Code     8  stm32f10x_rcc.o(.text)
    RCC_ADCCLKConfig                         0x08000eb7   Thumb Code    14  stm32f10x_rcc.o(.text)
    RCC_LSEConfig                            0x08000ec5   Thumb Code    28  stm32f10x_rcc.o(.text)
    RCC_LSICmd                               0x08000ee1   Thumb Code     6  stm32f10x_rcc.o(.text)
    RCC_RTCCLKConfig                         0x08000ee7   Thumb Code    10  stm32f10x_rcc.o(.text)
    RCC_RTCCLKCmd                            0x08000ef1   Thumb Code     8  stm32f10x_rcc.o(.text)
    RCC_GetClocksFreq                        0x08000ef9   Thumb Code   132  stm32f10x_rcc.o(.text)
    RCC_AHBPeriphClockCmd                    0x08000f7d   Thumb Code    18  stm32f10x_rcc.o(.text)
    RCC_APB2PeriphClockCmd                   0x08000f8f   Thumb Code    18  stm32f10x_rcc.o(.text)
    RCC_APB1PeriphClockCmd                   0x08000fa1   Thumb Code    18  stm32f10x_rcc.o(.text)
    RCC_APB2PeriphResetCmd                   0x08000fb3   Thumb Code    18  stm32f10x_rcc.o(.text)
    RCC_APB1PeriphResetCmd                   0x08000fc5   Thumb Code    18  stm32f10x_rcc.o(.text)
    RCC_BackupResetCmd                       0x08000fd7   Thumb Code     8  stm32f10x_rcc.o(.text)
    RCC_ClockSecuritySystemCmd               0x08000fdf   Thumb Code     6  stm32f10x_rcc.o(.text)
    RCC_MCOConfig                            0x08000fe5   Thumb Code     6  stm32f10x_rcc.o(.text)
    RCC_ClearFlag                            0x08000feb   Thumb Code    12  stm32f10x_rcc.o(.text)
    RCC_GetITStatus                          0x08000ff7   Thumb Code    16  stm32f10x_rcc.o(.text)
    RCC_ClearITPendingBit                    0x08001007   Thumb Code     6  stm32f10x_rcc.o(.text)
    TIM_DeInit                               0x0800102d   Thumb Code   304  stm32f10x_tim.o(.text)
    TIM_TimeBaseInit                         0x0800115d   Thumb Code   114  stm32f10x_tim.o(.text)
    TIM_OC1Init                              0x080011cf   Thumb Code   106  stm32f10x_tim.o(.text)
    TIM_OC2Init                              0x08001239   Thumb Code   120  stm32f10x_tim.o(.text)
    TIM_OC3Init                              0x080012b1   Thumb Code   116  stm32f10x_tim.o(.text)
    TIM_OC4Init                              0x08001325   Thumb Code    90  stm32f10x_tim.o(.text)
    TIM_SetIC4Prescaler                      0x0800137f   Thumb Code    24  stm32f10x_tim.o(.text)
    TIM_SetIC3Prescaler                      0x08001397   Thumb Code    16  stm32f10x_tim.o(.text)
    TIM_SetIC2Prescaler                      0x080013a7   Thumb Code    24  stm32f10x_tim.o(.text)
    TIM_SetIC1Prescaler                      0x08001465   Thumb Code    16  stm32f10x_tim.o(.text)
    TIM_ICInit                               0x080014cd   Thumb Code   270  stm32f10x_tim.o(.text)
    TIM_PWMIConfig                           0x080015db   Thumb Code   104  stm32f10x_tim.o(.text)
    TIM_BDTRConfig                           0x08001643   Thumb Code    34  stm32f10x_tim.o(.text)
    TIM_TimeBaseStructInit                   0x08001665   Thumb Code    18  stm32f10x_tim.o(.text)
    TIM_OCStructInit                         0x08001677   Thumb Code    20  stm32f10x_tim.o(.text)
    TIM_ICStructInit                         0x0800168b   Thumb Code    16  stm32f10x_tim.o(.text)
    TIM_BDTRStructInit                       0x0800169b   Thumb Code    18  stm32f10x_tim.o(.text)
    TIM_Cmd                                  0x080016ad   Thumb Code    20  stm32f10x_tim.o(.text)
    TIM_CtrlPWMOutputs                       0x080016c1   Thumb Code    22  stm32f10x_tim.o(.text)
    TIM_ITConfig                             0x080016d7   Thumb Code    16  stm32f10x_tim.o(.text)
    TIM_GenerateEvent                        0x080016e7   Thumb Code     4  stm32f10x_tim.o(.text)
    TIM_DMAConfig                            0x080016eb   Thumb Code     8  stm32f10x_tim.o(.text)
    TIM_DMACmd                               0x080016f3   Thumb Code    16  stm32f10x_tim.o(.text)
    TIM_InternalClockConfig                  0x08001703   Thumb Code    10  stm32f10x_tim.o(.text)
    TIM_SelectInputTrigger                   0x0800170d   Thumb Code    12  stm32f10x_tim.o(.text)
    TIM_ITRxExternalClockConfig              0x08001719   Thumb Code    18  stm32f10x_tim.o(.text)
    TIM_TIxExternalClockConfig               0x0800172b   Thumb Code    46  stm32f10x_tim.o(.text)
    TIM_ETRConfig                            0x08001759   Thumb Code    24  stm32f10x_tim.o(.text)
    TIM_ETRClockMode1Config                  0x08001771   Thumb Code    18  stm32f10x_tim.o(.text)
    TIM_ETRClockMode2Config                  0x08001783   Thumb Code    18  stm32f10x_tim.o(.text)
    TIM_PrescalerConfig                      0x08001795   Thumb Code     6  stm32f10x_tim.o(.text)
    TIM_CounterModeConfig                    0x0800179b   Thumb Code    12  stm32f10x_tim.o(.text)
    TIM_EncoderInterfaceConfig               0x080017a7   Thumb Code    50  stm32f10x_tim.o(.text)
    TIM_ForcedOC1Config                      0x080017d9   Thumb Code    12  stm32f10x_tim.o(.text)
    TIM_ForcedOC2Config                      0x080017e5   Thumb Code    20  stm32f10x_tim.o(.text)
    TIM_ForcedOC3Config                      0x080017f9   Thumb Code    12  stm32f10x_tim.o(.text)
    TIM_ForcedOC4Config                      0x08001805   Thumb Code    20  stm32f10x_tim.o(.text)
    TIM_ARRPreloadConfig                     0x08001819   Thumb Code    20  stm32f10x_tim.o(.text)
    TIM_SelectCOM                            0x0800182d   Thumb Code    20  stm32f10x_tim.o(.text)
    TIM_SelectCCDMA                          0x08001841   Thumb Code    20  stm32f10x_tim.o(.text)
    TIM_CCPreloadControl                     0x08001855   Thumb Code    20  stm32f10x_tim.o(.text)
    TIM_OC1PreloadConfig                     0x08001869   Thumb Code    32  stm32f10x_tim.o(.text)
    TIM_OC2PreloadConfig                     0x08001889   Thumb Code    20  stm32f10x_tim.o(.text)
    TIM_OC3PreloadConfig                     0x0800189d   Thumb Code    12  stm32f10x_tim.o(.text)
    TIM_OC4PreloadConfig                     0x080018a9   Thumb Code    20  stm32f10x_tim.o(.text)
    TIM_OC1FastConfig                        0x080018bd   Thumb Code    12  stm32f10x_tim.o(.text)
    TIM_OC2FastConfig                        0x080018c9   Thumb Code    20  stm32f10x_tim.o(.text)
    TIM_OC3FastConfig                        0x080018dd   Thumb Code    12  stm32f10x_tim.o(.text)
    TIM_OC4FastConfig                        0x080018e9   Thumb Code    20  stm32f10x_tim.o(.text)
    TIM_ClearOC1Ref                          0x080018fd   Thumb Code    12  stm32f10x_tim.o(.text)
    TIM_ClearOC2Ref                          0x08001909   Thumb Code    20  stm32f10x_tim.o(.text)
    TIM_ClearOC3Ref                          0x0800191d   Thumb Code    12  stm32f10x_tim.o(.text)
    TIM_ClearOC4Ref                          0x08001929   Thumb Code    20  stm32f10x_tim.o(.text)
    TIM_OC1PolarityConfig                    0x0800193d   Thumb Code    12  stm32f10x_tim.o(.text)
    TIM_OC1NPolarityConfig                   0x08001949   Thumb Code    12  stm32f10x_tim.o(.text)
    TIM_OC2PolarityConfig                    0x08001955   Thumb Code    20  stm32f10x_tim.o(.text)
    TIM_OC2NPolarityConfig                   0x08001969   Thumb Code    20  stm32f10x_tim.o(.text)
    TIM_OC3PolarityConfig                    0x0800197d   Thumb Code    20  stm32f10x_tim.o(.text)
    TIM_OC3NPolarityConfig                   0x08001991   Thumb Code    20  stm32f10x_tim.o(.text)
    TIM_OC4PolarityConfig                    0x080019a5   Thumb Code    20  stm32f10x_tim.o(.text)
    TIM_CCxCmd                               0x080019b9   Thumb Code    22  stm32f10x_tim.o(.text)
    TIM_CCxNCmd                              0x080019cf   Thumb Code    22  stm32f10x_tim.o(.text)
    TIM_SelectOCxM                           0x080019e5   Thumb Code    70  stm32f10x_tim.o(.text)
    TIM_UpdateDisableConfig                  0x08001a2b   Thumb Code    20  stm32f10x_tim.o(.text)
    TIM_UpdateRequestConfig                  0x08001a3f   Thumb Code    20  stm32f10x_tim.o(.text)
    TIM_SelectHallSensor                     0x08001a53   Thumb Code    20  stm32f10x_tim.o(.text)
    TIM_SelectOnePulseMode                   0x08001a67   Thumb Code    16  stm32f10x_tim.o(.text)
    TIM_SelectOutputTrigger                  0x08001a77   Thumb Code    16  stm32f10x_tim.o(.text)
    TIM_SelectSlaveMode                      0x08001a87   Thumb Code    16  stm32f10x_tim.o(.text)
    TIM_SelectMasterSlaveMode                0x08001a97   Thumb Code    16  stm32f10x_tim.o(.text)
    TIM_SetCounter                           0x08001aa7   Thumb Code     4  stm32f10x_tim.o(.text)
    TIM_SetAutoreload                        0x08001aab   Thumb Code     4  stm32f10x_tim.o(.text)
    TIM_SetCompare1                          0x08001aaf   Thumb Code     4  stm32f10x_tim.o(.text)
    TIM_SetCompare2                          0x08001ab3   Thumb Code     4  stm32f10x_tim.o(.text)
    TIM_SetCompare3                          0x08001ab7   Thumb Code     4  stm32f10x_tim.o(.text)
    TIM_SetCompare4                          0x08001abb   Thumb Code     6  stm32f10x_tim.o(.text)
    TIM_SetClockDivision                     0x08001ac1   Thumb Code    16  stm32f10x_tim.o(.text)
    TIM_GetCapture1                          0x08001ad1   Thumb Code     4  stm32f10x_tim.o(.text)
    TIM_GetCapture2                          0x08001ad5   Thumb Code     4  stm32f10x_tim.o(.text)
    TIM_GetCapture3                          0x08001ad9   Thumb Code     4  stm32f10x_tim.o(.text)
    TIM_GetCapture4                          0x08001add   Thumb Code     6  stm32f10x_tim.o(.text)
    TIM_GetCounter                           0x08001ae3   Thumb Code     4  stm32f10x_tim.o(.text)
    TIM_GetPrescaler                         0x08001ae7   Thumb Code     4  stm32f10x_tim.o(.text)
    TIM_GetFlagStatus                        0x08001aeb   Thumb Code    14  stm32f10x_tim.o(.text)
    TIM_ClearFlag                            0x08001af9   Thumb Code     6  stm32f10x_tim.o(.text)
    TIM_GetITStatus                          0x08001aff   Thumb Code    24  stm32f10x_tim.o(.text)
    TIM_ClearITPendingBit                    0x08001b17   Thumb Code     6  stm32f10x_tim.o(.text)
    USART_DeInit                             0x08001b1d   Thumb Code    96  stm32f10x_usart.o(.text)
    USART_Init                               0x08001b7d   Thumb Code   166  stm32f10x_usart.o(.text)
    USART_StructInit                         0x08001c23   Thumb Code    22  stm32f10x_usart.o(.text)
    USART_ClockInit                          0x08001c39   Thumb Code    30  stm32f10x_usart.o(.text)
    USART_ClockStructInit                    0x08001c57   Thumb Code    12  stm32f10x_usart.o(.text)
    USART_Cmd                                0x08001c63   Thumb Code    20  stm32f10x_usart.o(.text)
    USART_ITConfig                           0x08001c77   Thumb Code    48  stm32f10x_usart.o(.text)
    USART_DMACmd                             0x08001ca7   Thumb Code    16  stm32f10x_usart.o(.text)
    USART_SetAddress                         0x08001cb7   Thumb Code    16  stm32f10x_usart.o(.text)
    USART_WakeUpConfig                       0x08001cc7   Thumb Code    16  stm32f10x_usart.o(.text)
    USART_ReceiverWakeUpCmd                  0x08001cd7   Thumb Code    20  stm32f10x_usart.o(.text)
    USART_LINBreakDetectLengthConfig         0x08001ceb   Thumb Code    16  stm32f10x_usart.o(.text)
    USART_LINCmd                             0x08001cfb   Thumb Code    20  stm32f10x_usart.o(.text)
    USART_SendData                           0x08001d0f   Thumb Code     8  stm32f10x_usart.o(.text)
    USART_ReceiveData                        0x08001d17   Thumb Code     8  stm32f10x_usart.o(.text)
    USART_SendBreak                          0x08001d1f   Thumb Code    10  stm32f10x_usart.o(.text)
    USART_SetGuardTime                       0x08001d29   Thumb Code    16  stm32f10x_usart.o(.text)
    USART_SetPrescaler                       0x08001d39   Thumb Code    16  stm32f10x_usart.o(.text)
    USART_SmartCardCmd                       0x08001d49   Thumb Code    20  stm32f10x_usart.o(.text)
    USART_SmartCardNACKCmd                   0x08001d5d   Thumb Code    20  stm32f10x_usart.o(.text)
    USART_HalfDuplexCmd                      0x08001d71   Thumb Code    20  stm32f10x_usart.o(.text)
    USART_OverSampling8Cmd                   0x08001d85   Thumb Code    20  stm32f10x_usart.o(.text)
    USART_OneBitMethodCmd                    0x08001d99   Thumb Code    20  stm32f10x_usart.o(.text)
    USART_IrDAConfig                         0x08001dad   Thumb Code    16  stm32f10x_usart.o(.text)
    USART_IrDACmd                            0x08001dbd   Thumb Code    20  stm32f10x_usart.o(.text)
    USART_GetFlagStatus                      0x08001dd1   Thumb Code    14  stm32f10x_usart.o(.text)
    USART_ClearFlag                          0x08001ddf   Thumb Code     6  stm32f10x_usart.o(.text)
    USART_GetITStatus                        0x08001de5   Thumb Code    62  stm32f10x_usart.o(.text)
    USART_ClearITPendingBit                  0x08001e23   Thumb Code    12  stm32f10x_usart.o(.text)
    main                                     0x080026e9   Thumb Code    60  main.o(.text)
    NMI_Handler                              0x0800288d   Thumb Code     2  stm32f10x_it.o(.text)
    HardFault_Handler                        0x0800288f   Thumb Code     2  stm32f10x_it.o(.text)
    MemManage_Handler                        0x08002891   Thumb Code     2  stm32f10x_it.o(.text)
    BusFault_Handler                         0x08002893   Thumb Code     2  stm32f10x_it.o(.text)
    UsageFault_Handler                       0x08002895   Thumb Code     2  stm32f10x_it.o(.text)
    DebugMon_Handler                         0x08002897   Thumb Code     2  stm32f10x_it.o(.text)
    SysTick_Handler                          0x08002899   Thumb Code    20  stm32f10x_it.o(.text)
    ALL_UART_Config                          0x080028ad   Thumb Code   552  bsp_usart.o(.text)
    USART3_IRQHandler                        0x08002ad5   Thumb Code    80  bsp_usart.o(.text)
    USART2_IRQHandler                        0x08002b25   Thumb Code    80  bsp_usart.o(.text)
    UART5_IRQHandler                         0x08002b75   Thumb Code    80  bsp_usart.o(.text)
    Usart_SendByte                           0x08002bc5   Thumb Code    22  bsp_usart.o(.text)
    Usart_SendArray                          0x08002bdb   Thumb Code    46  bsp_usart.o(.text)
    Usart_SendString                         0x08002c09   Thumb Code    38  bsp_usart.o(.text)
    Usart_SendHalfWord                       0x08002c2f   Thumb Code    50  bsp_usart.o(.text)
    fputc                                    0x08002c61   Thumb Code    30  bsp_usart.o(.text)
    fgetc                                    0x08002c7f   Thumb Code    26  bsp_usart.o(.text)
    parseGpsBuffer                           0x08002c99   Thumb Code   298  bsp_usart.o(.text)
    printGpsBuffer                           0x08002dc3   Thumb Code   182  bsp_usart.o(.text)
    convertGps                               0x08002e79   Thumb Code   124  bsp_usart.o(.text)
    CopeSerial2Data                          0x08002ef5   Thumb Code   196  bsp_usart.o(.text)
    sendcmd                                  0x08002fb9   Thumb Code    26  bsp_usart.o(.text)
    Atkble02Rec                              0x08002fd3   Thumb Code    64  bsp_usart.o(.text)
    BASIC_TIM_Init                           0x08003121   Thumb Code    52  delay.o(.text)
    delay_us                                 0x08003155   Thumb Code    14  delay.o(.text)
    delay_ms                                 0x08003163   Thumb Code    26  delay.o(.text)
    delay_IIC                                0x0800317d   Thumb Code    34  delay.o(.text)
    cJSON_GetErrorPtr                        0x080031a5   Thumb Code     6  cjson.o(.text)
    cJSON_InitHooks                          0x080031ed   Thumb Code    30  cjson.o(.text)
    cJSON_Delete                             0x0800320b   Thumb Code    66  cjson.o(.text)
    cJSON_ParseWithOpts                      0x08003a41   Thumb Code    90  cjson.o(.text)
    cJSON_Parse                              0x08003a9b   Thumb Code     6  cjson.o(.text)
    cJSON_Print                              0x080040a5   Thumb Code     8  cjson.o(.text)
    cJSON_PrintUnformatted                   0x080040ad   Thumb Code     8  cjson.o(.text)
    cJSON_PrintBuffered                      0x080040b5   Thumb Code    38  cjson.o(.text)
    cJSON_GetArraySize                       0x080040db   Thumb Code    16  cjson.o(.text)
    cJSON_GetArrayItem                       0x080040eb   Thumb Code    18  cjson.o(.text)
    cJSON_GetObjectItem                      0x080040fd   Thumb Code    28  cjson.o(.text)
    cJSON_AddItemToArray                     0x08004145   Thumb Code    28  cjson.o(.text)
    cJSON_AddItemToObject                    0x08004161   Thumb Code    40  cjson.o(.text)
    cJSON_AddItemToObjectCS                  0x08004189   Thumb Code    48  cjson.o(.text)
    cJSON_AddItemReferenceToArray            0x080041b9   Thumb Code    20  cjson.o(.text)
    cJSON_AddItemReferenceToObject           0x080041cd   Thumb Code    24  cjson.o(.text)
    cJSON_DetachItemFromArray                0x080041e5   Thumb Code    52  cjson.o(.text)
    cJSON_DeleteItemFromArray                0x08004219   Thumb Code    14  cjson.o(.text)
    cJSON_DetachItemFromObject               0x08004227   Thumb Code    54  cjson.o(.text)
    cJSON_DeleteItemFromObject               0x0800425d   Thumb Code    14  cjson.o(.text)
    cJSON_InsertItemInArray                  0x0800426b   Thumb Code    42  cjson.o(.text)
    cJSON_ReplaceItemInArray                 0x08004295   Thumb Code    62  cjson.o(.text)
    cJSON_ReplaceItemInObject                0x080042d3   Thumb Code    58  cjson.o(.text)
    cJSON_CreateNull                         0x0800430d   Thumb Code    16  cjson.o(.text)
    cJSON_CreateTrue                         0x0800431d   Thumb Code    16  cjson.o(.text)
    cJSON_CreateFalse                        0x0800432d   Thumb Code    16  cjson.o(.text)
    cJSON_CreateBool                         0x0800433d   Thumb Code    24  cjson.o(.text)
    cJSON_CreateNumber                       0x08004355   Thumb Code    36  cjson.o(.text)
    cJSON_CreateString                       0x08004379   Thumb Code    28  cjson.o(.text)
    cJSON_CreateArray                        0x08004395   Thumb Code    16  cjson.o(.text)
    cJSON_CreateObject                       0x080043a5   Thumb Code    16  cjson.o(.text)
    cJSON_CreateIntArray                     0x080043b5   Thumb Code    56  cjson.o(.text)
    cJSON_CreateFloatArray                   0x080043ed   Thumb Code    56  cjson.o(.text)
    cJSON_CreateDoubleArray                  0x08004425   Thumb Code    60  cjson.o(.text)
    cJSON_CreateStringArray                  0x08004461   Thumb Code    52  cjson.o(.text)
    cJSON_Duplicate                          0x08004495   Thumb Code   116  cjson.o(.text)
    cJSON_Minify                             0x08004509   Thumb Code   144  cjson.o(.text)
    Command_Formula                          0x0800468d   Thumb Code   118  can.o(.text)
    sum_OBDdataHz_new                        0x08004703   Thumb Code    22  can.o(.text)
    CAN1_Config                              0x08004719   Thumb Code   220  can.o(.text)
    CANinit                                  0x080047f5   Thumb Code     2  can.o(.text)
    USB_LP_CAN1_RX0_IRQHandler               0x080047f7   Thumb Code    78  can.o(.text)
    CANTransmit_frame                        0x08004845   Thumb Code    56  can.o(.text)
    OBDTransmit_askframe                     0x0800487d   Thumb Code    72  can.o(.text)
    AddOBDdata_to_json                       0x080048c5   Thumb Code   232  can.o(.text)
    Speed_Formula                            0x080049ad   Thumb Code    52  can.o(.text)
    RPM_Formula                              0x080049e1   Thumb Code    56  can.o(.text)
    Engineload_Formula                       0x08004a19   Thumb Code    52  can.o(.text)
    Coolant_temperature_Formula              0x08004a4d   Thumb Code    52  can.o(.text)
    SHRTFT1_Formula                          0x08004a81   Thumb Code   362  can.o(.text)
    LONGFT1_Formula                          0x08004beb   Thumb Code    52  can.o(.text)
    Airflow_Formula                          0x08004c1f   Thumb Code    58  can.o(.text)
    Intake_abspressure                       0x08004c59   Thumb Code    58  can.o(.text)
    Throttle_position                        0x08004c93   Thumb Code    54  can.o(.text)
    Intake_airtmep                           0x08004cc9   Thumb Code    52  can.o(.text)
    SPARKADV_Formula                         0x08004cfd   Thumb Code    52  can.o(.text)
    RUNTM_Formula                            0x08004d31   Thumb Code    56  can.o(.text)
    FRP_Formula                              0x08004d69   Thumb Code    56  can.o(.text)
    FLI_Formula                              0x08004da1   Thumb Code    52  can.o(.text)
    APP_D_Formula                            0x08004dd5   Thumb Code    52  can.o(.text)
    APP_R_Formula                            0x08004e09   Thumb Code    52  can.o(.text)
    EOT_Formula                              0x08004e3d   Thumb Code    52  can.o(.text)
    FUEL_TIMING_Formula                      0x08004e71   Thumb Code    56  can.o(.text)
    FUEL_RATE_Formula                        0x08004ea9   Thumb Code    56  can.o(.text)
    NOx_Formula                              0x08004ee1   Thumb Code    56  can.o(.text)
    BEEP_Init                                0x08005079   Thumb Code    50  beep.o(.text)
    vListInitialise                          0x080050b1   Thumb Code    22  list.o(.text)
    vListInitialiseItem                      0x080050c7   Thumb Code     6  list.o(.text)
    vListInsertEnd                           0x080050cd   Thumb Code    24  list.o(.text)
    vListInsert                              0x080050e5   Thumb Code    48  list.o(.text)
    uxListRemove                             0x08005115   Thumb Code    36  list.o(.text)
    xQueueGenericReset                       0x08005139   Thumb Code   128  queue.o(.text)
    xQueueGenericCreate                      0x080051b9   Thumb Code    72  queue.o(.text)
    xQueueGenericSend                        0x08005351   Thumb Code   350  queue.o(.text)
    xQueueCreateMutex                        0x080054af   Thumb Code    36  queue.o(.text)
    xQueueGiveMutexRecursive                 0x080054d3   Thumb Code   106  queue.o(.text)
    xQueueGenericReceive                     0x08005563   Thumb Code   356  queue.o(.text)
    xQueueTakeMutexRecursive                 0x080056c7   Thumb Code    68  queue.o(.text)
    xQueueCreateCountingSemaphore            0x0800570b   Thumb Code    62  queue.o(.text)
    xQueueGenericSendFromISR                 0x08005749   Thumb Code   200  queue.o(.text)
    xQueueGiveFromISR                        0x08005811   Thumb Code   172  queue.o(.text)
    xQueueReceiveFromISR                     0x080058bd   Thumb Code   150  queue.o(.text)
    xQueuePeekFromISR                        0x08005953   Thumb Code   114  queue.o(.text)
    uxQueueMessagesWaiting                   0x080059c5   Thumb Code    36  queue.o(.text)
    uxQueueSpacesAvailable                   0x080059e9   Thumb Code    40  queue.o(.text)
    uxQueueMessagesWaitingFromISR            0x08005a11   Thumb Code    26  queue.o(.text)
    vQueueUnregisterQueue                    0x08005a2b   Thumb Code    36  queue.o(.text)
    vQueueDelete                             0x08005a4f   Thumb Code    38  queue.o(.text)
    xQueueIsQueueEmptyFromISR                0x08005a75   Thumb Code    34  queue.o(.text)
    xQueueIsQueueFullFromISR                 0x08005a97   Thumb Code    38  queue.o(.text)
    vQueueAddToRegistry                      0x08005abd   Thumb Code    32  queue.o(.text)
    pcQueueGetName                           0x08005add   Thumb Code    34  queue.o(.text)
    xQueueCreateSet                          0x08005aff   Thumb Code     8  queue.o(.text)
    xQueueAddToSet                           0x08005b07   Thumb Code    34  queue.o(.text)
    xQueueRemoveFromSet                      0x08005b29   Thumb Code    34  queue.o(.text)
    xQueueSelectFromSet                      0x08005b4b   Thumb Code    18  queue.o(.text)
    xQueueSelectFromSetFromISR               0x08005b5d   Thumb Code    18  queue.o(.text)
    xTaskCreate                              0x08005c4f   Thumb Code    86  tasks.o(.text)
    vTaskDelete                              0x08005ca5   Thumb Code   154  tasks.o(.text)
    xTaskIncrementTick                       0x08005d3f   Thumb Code   186  tasks.o(.text)
    xTaskResumeAll                           0x08005df9   Thumb Code   182  tasks.o(.text)
    vTaskSuspendAll                          0x08005f15   Thumb Code    10  tasks.o(.text)
    vTaskDelayUntil                          0x08005f1f   Thumb Code   188  tasks.o(.text)
    vTaskDelay                               0x08005fdb   Thumb Code    66  tasks.o(.text)
    eTaskGetState                            0x0800601d   Thumb Code    94  tasks.o(.text)
    uxTaskPriorityGet                        0x0800607b   Thumb Code    24  tasks.o(.text)
    uxTaskPriorityGetFromISR                 0x08006093   Thumb Code    40  tasks.o(.text)
    vTaskPrioritySet                         0x080060bb   Thumb Code   184  tasks.o(.text)
    vTaskSwitchContext                       0x08006173   Thumb Code    84  tasks.o(.text)
    vTaskSuspend                             0x080061c7   Thumb Code   156  tasks.o(.text)
    vTaskResume                              0x08006293   Thumb Code   116  tasks.o(.text)
    xTaskResumeFromISR                       0x08006307   Thumb Code   126  tasks.o(.text)
    vTaskStartScheduler                      0x080063a3   Thumb Code   122  tasks.o(.text)
    vTaskEndScheduler                        0x0800641d   Thumb Code    24  tasks.o(.text)
    xTaskGetTickCount                        0x08006435   Thumb Code     6  tasks.o(.text)
    xTaskGetTickCountFromISR                 0x0800643b   Thumb Code    12  tasks.o(.text)
    uxTaskGetNumberOfTasks                   0x08006447   Thumb Code     6  tasks.o(.text)
    pcTaskGetName                            0x0800644d   Thumb Code    38  tasks.o(.text)
    vTaskPlaceOnEventList                    0x08006473   Thumb Code    46  tasks.o(.text)
    vTaskPlaceOnUnorderedEventList           0x080064a1   Thumb Code    78  tasks.o(.text)
    xTaskRemoveFromEventList                 0x080064ef   Thumb Code   104  tasks.o(.text)
    xTaskRemoveFromUnorderedEventList        0x08006557   Thumb Code   116  tasks.o(.text)
    vTaskSetTimeOutState                     0x080065cb   Thumb Code    34  tasks.o(.text)
    xTaskCheckForTimeOut                     0x080065ed   Thumb Code   102  tasks.o(.text)
    vTaskMissedYield                         0x08006653   Thumb Code     8  tasks.o(.text)
    xTaskGetCurrentTaskHandle                0x0800665b   Thumb Code     6  tasks.o(.text)
    xTaskGetSchedulerState                   0x08006661   Thumb Code    22  tasks.o(.text)
    vTaskPriorityInherit                     0x08006677   Thumb Code   124  tasks.o(.text)
    xTaskPriorityDisinherit                  0x080066f3   Thumb Code   144  tasks.o(.text)
    uxTaskResetEventItemValue                0x08006783   Thumb Code    20  tasks.o(.text)
    pvTaskIncrementMutexHeldCount            0x08006797   Thumb Code    18  tasks.o(.text)
    ulTaskNotifyTake                         0x080067a9   Thumb Code   112  tasks.o(.text)
    xTaskNotifyWait                          0x08006819   Thumb Code   128  tasks.o(.text)
    xTaskGenericNotify                       0x08006899   Thumb Code   190  tasks.o(.text)
    xTaskGenericNotifyFromISR                0x08006957   Thumb Code   228  tasks.o(.text)
    vTaskNotifyGiveFromISR                   0x08006a3b   Thumb Code   168  tasks.o(.text)
    xTaskNotifyStateClear                    0x08006ae3   Thumb Code    44  tasks.o(.text)
    pvPortMalloc                             0x08006c99   Thumb Code   214  heap_4.o(.text)
    vPortFree                                0x08006d6f   Thumb Code    96  heap_4.o(.text)
    xPortGetFreeHeapSize                     0x08006dcf   Thumb Code     8  heap_4.o(.text)
    xPortGetMinimumEverFreeHeapSize          0x08006dd7   Thumb Code     8  heap_4.o(.text)
    vPortInitialiseBlocks                    0x08006ddf   Thumb Code     2  heap_4.o(.text)
    pxPortInitialiseStack                    0x08006e87   Thumb Code    32  port.o(.text)
    vPortSetupTimerInterrupt                 0x08006ea7   Thumb Code    26  port.o(.text)
    xPortStartScheduler                      0x08006ec1   Thumb Code   108  port.o(.text)
    vPortEndScheduler                        0x08006f2d   Thumb Code    24  port.o(.text)
    vPortEnterCritical                       0x08006f45   Thumb Code    52  port.o(.text)
    vPortExitCritical                        0x08006f79   Thumb Code    34  port.o(.text)
    xPortSysTickHandler                      0x08006f9b   Thumb Code    40  port.o(.text)
    vPortValidateInterruptPriority           0x08006fc3   Thumb Code    72  port.o(.text)
    tolower                                  0x08007059   Thumb Code    12  tolower.o(.text)
    __aeabi_memcpy                           0x08007065   Thumb Code    36  memcpya.o(.text)
    __aeabi_memcpy4                          0x08007065   Thumb Code     0  memcpya.o(.text)
    __aeabi_memcpy8                          0x08007065   Thumb Code     0  memcpya.o(.text)
    __aeabi_memset                           0x08007089   Thumb Code    14  memseta.o(.text)
    __aeabi_memset4                          0x08007089   Thumb Code     0  memseta.o(.text)
    __aeabi_memset8                          0x08007089   Thumb Code     0  memseta.o(.text)
    __aeabi_memclr                           0x08007097   Thumb Code     4  memseta.o(.text)
    __aeabi_memclr4                          0x08007097   Thumb Code     0  memseta.o(.text)
    __aeabi_memclr8                          0x08007097   Thumb Code     0  memseta.o(.text)
    _memset$wrapper                          0x0800709b   Thumb Code    18  memseta.o(.text)
    strstr                                   0x080070ad   Thumb Code    36  strstr.o(.text)
    strncpy                                  0x080070d1   Thumb Code    24  strncpy.o(.text)
    strchr                                   0x080070e9   Thumb Code    20  strchr.o(.text)
    strlen                                   0x080070fd   Thumb Code    14  strlen.o(.text)
    strcmp                                   0x0800710b   Thumb Code    28  strcmp.o(.text)
    strcpy                                   0x08007127   Thumb Code    18  strcpy.o(.text)
    strncmp                                  0x08007139   Thumb Code    30  strncmp.o(.text)
    __aeabi_dadd                             0x08007157   Thumb Code   322  dadd.o(.text)
    __aeabi_dsub                             0x08007299   Thumb Code     6  dadd.o(.text)
    __aeabi_drsub                            0x0800729f   Thumb Code     6  dadd.o(.text)
    __aeabi_dmul                             0x080072a5   Thumb Code   228  dmul.o(.text)
    __aeabi_i2d                              0x08007389   Thumb Code    34  dflti.o(.text)
    __aeabi_ui2d                             0x080073ab   Thumb Code    26  dfltui.o(.text)
    __aeabi_ul2d                             0x080073c5   Thumb Code    24  dfltul.o(.text)
    __aeabi_d2iz                             0x080073dd   Thumb Code    62  dfixi.o(.text)
    __aeabi_f2d                              0x0800741b   Thumb Code    38  f2d.o(.text)
    __aeabi_cdcmpeq                          0x08007441   Thumb Code     0  cdcmple.o(.text)
    __aeabi_cdcmple                          0x08007441   Thumb Code    48  cdcmple.o(.text)
    __aeabi_cdrcmple                         0x08007471   Thumb Code    48  cdrcmple.o(.text)
    __aeabi_uidiv                            0x080074a1   Thumb Code     0  uidiv.o(.text)
    __aeabi_uidivmod                         0x080074a1   Thumb Code    44  uidiv.o(.text)
    __aeabi_uldivmod                         0x080074cd   Thumb Code    98  uldiv.o(.text)
    __aeabi_llsl                             0x0800752f   Thumb Code    30  llshl.o(.text)
    _ll_shift_l                              0x0800752f   Thumb Code     0  llshl.o(.text)
    __aeabi_llsr                             0x0800754d   Thumb Code    32  llushr.o(.text)
    _ll_ushift_r                             0x0800754d   Thumb Code     0  llushr.o(.text)
    __aeabi_lasr                             0x0800756d   Thumb Code    36  llsshr.o(.text)
    _ll_sshift_r                             0x0800756d   Thumb Code     0  llsshr.o(.text)
    __strtod_int                             0x080075c7   Thumb Code    88  strtod.o(.text)
    __I$use$fp                               0x0800762d   Thumb Code     0  iusefp.o(.text)
    _double_round                            0x0800762d   Thumb Code    30  depilogue.o(.text)
    _double_epilogue                         0x0800764b   Thumb Code   156  depilogue.o(.text)
    __aeabi_ddiv                             0x080076e7   Thumb Code   222  ddiv.o(.text)
    __ARM_scalbn                             0x080077c5   Thumb Code    46  dscalb.o(.text)
    scalbn                                   0x080077c5   Thumb Code     0  dscalb.o(.text)
    __aeabi_d2ulz                            0x080077f3   Thumb Code    48  dfixul.o(.text)
    __scatterload                            0x08007825   Thumb Code    28  init.o(.text)
    __scatterload_rt2                        0x08007825   Thumb Code     0  init.o(.text)
    isspace                                  0x08007849   Thumb Code    10  isspace_c.o(.text)
    _scanf_real                              0x08007955   Thumb Code     0  scanf_fp.o(.text)
    _scanf_really_real                       0x08007955   Thumb Code   556  scanf_fp.o(.text)
    _sgetc                                   0x08007b8d   Thumb Code    30  _sgetc.o(.text)
    _sbackspace                              0x08007bab   Thumb Code    34  _sgetc.o(.text)
    _dsqrt                                   0x08007bcd   Thumb Code   162  dsqrt.o(.text)
    __ctype_lookup                           0x08007c71   Thumb Code    34  ctype_c.o(.text)
    __aeabi_d2f                              0x08007c99   Thumb Code    56  d2f.o(.text)
    _float_round                             0x08007cd1   Thumb Code    18  fepilogue.o(.text)
    _float_epilogue                          0x08007ce3   Thumb Code    92  fepilogue.o(.text)
    __decompress                             0x08007d3f   Thumb Code     0  __dczerorl2.o(.text)
    __decompress1                            0x08007d3f   Thumb Code    86  __dczerorl2.o(.text)
    __0printf                                0x08007d95   Thumb Code    22  printfa.o(i.__0printf)
    __1printf                                0x08007d95   Thumb Code     0  printfa.o(i.__0printf)
    __2printf                                0x08007d95   Thumb Code     0  printfa.o(i.__0printf)
    __c89printf                              0x08007d95   Thumb Code     0  printfa.o(i.__0printf)
    printf                                   0x08007d95   Thumb Code     0  printfa.o(i.__0printf)
    __0sprintf                               0x08007db5   Thumb Code    34  printfa.o(i.__0sprintf)
    __1sprintf                               0x08007db5   Thumb Code     0  printfa.o(i.__0sprintf)
    __2sprintf                               0x08007db5   Thumb Code     0  printfa.o(i.__0sprintf)
    __c89sprintf                             0x08007db5   Thumb Code     0  printfa.o(i.__0sprintf)
    sprintf                                  0x08007db5   Thumb Code     0  printfa.o(i.__0sprintf)
    __ARM_fpclassify                         0x08007ddd   Thumb Code    40  fpclassify.o(i.__ARM_fpclassify)
    __kernel_poly                            0x08007e05   Thumb Code   170  poly.o(i.__kernel_poly)
    __mathlib_dbl_divzero                    0x08007eb1   Thumb Code    12  dunder.o(i.__mathlib_dbl_divzero)
    __mathlib_dbl_infnan2                    0x08007ec1   Thumb Code     4  dunder.o(i.__mathlib_dbl_infnan2)
    __mathlib_dbl_invalid                    0x08007ec5   Thumb Code    12  dunder.o(i.__mathlib_dbl_invalid)
    __mathlib_dbl_overflow                   0x08007ed1   Thumb Code    14  dunder.o(i.__mathlib_dbl_overflow)
    __mathlib_dbl_underflow                  0x08007ee1   Thumb Code    10  dunder.o(i.__mathlib_dbl_underflow)
    __read_errno                             0x08007ef1   Thumb Code     6  errno.o(i.__read_errno)
    __scatterload_copy                       0x08007efd   Thumb Code    14  handlers.o(i.__scatterload_copy)
    __scatterload_null                       0x08007f0b   Thumb Code     2  handlers.o(i.__scatterload_null)
    __scatterload_zeroinit                   0x08007f0d   Thumb Code    14  handlers.o(i.__scatterload_zeroinit)
    __set_errno                              0x08007f1d   Thumb Code     6  errno.o(i.__set_errno)
    _is_digit                                0x0800808d   Thumb Code    14  scanf_fp.o(i._is_digit)
    atof                                     0x080087d5   Thumb Code    42  atof.o(i.atof)
    floor                                    0x08008801   Thumb Code   204  floor.o(i.floor)
    free                                     0x080088dd   Thumb Code    76  malloc.o(i.free)
    malloc                                   0x0800892d   Thumb Code    92  malloc.o(i.malloc)
    pow                                      0x08008999   Thumb Code  2478  pow.o(i.pow)
    sqrt                                     0x08009351   Thumb Code    76  sqrt.o(i.sqrt)
    __mathlib_zero                           0x08009430   Data           8  qnan.o(.constdata)
    __ctype_categories                       0x08009438   Data          64  ctype_c.o(.constdata)
    Region$$Table$$Base                      0x08009510   Number         0  anon$$obj.o(Region$$Table)
    Region$$Table$$Limit                     0x08009530   Number         0  anon$$obj.o(Region$$Table)
    SystemCoreClock                          0x20000000   Data           4  system_stm32f10x.o(.data)
    AHBPrescTable                            0x20000004   Data          16  system_stm32f10x.o(.data)
    OBDhasasked                              0x20000028   Data           1  main.o(.data)
    CAN_TYPE                                 0x2000002c   Data           4  main.o(.data)
    CANmsg_Queue                             0x20000044   Data           4  main.o(.data)
    ATKBLE02_Queue                           0x20000048   Data           4  main.o(.data)
    GPS_Queue                                0x2000004c   Data           4  main.o(.data)
    MPU_Queue                                0x20000050   Data           4  main.o(.data)
    uinx_timestamp                           0x20000058   Data           8  main.o(.data)
    stcTime                                  0x20000062   Data           8  bsp_usart.o(.data)
    stcAcc                                   0x2000006a   Data           8  bsp_usart.o(.data)
    stcGyro                                  0x20000072   Data           8  bsp_usart.o(.data)
    stcAngle                                 0x2000007a   Data           8  bsp_usart.o(.data)
    stcMag                                   0x20000082   Data           8  bsp_usart.o(.data)
    stcDStatus                               0x2000008a   Data           8  bsp_usart.o(.data)
    stcPress                                 0x20000094   Data           8  bsp_usart.o(.data)
    stcLonLat                                0x2000009c   Data           8  bsp_usart.o(.data)
    stcGPSV                                  0x200000a4   Data           8  bsp_usart.o(.data)
    stcQ                                     0x200000ac   Data           8  bsp_usart.o(.data)
    numofask                                 0x200000c0   Data           1  can.o(.data)
    newOBDdata                               0x200000c4   Data         600  can.o(.data)
    OBDdataHz_new                            0x2000031c   Data          25  can.o(.data)
    pxCurrentTCB                             0x20000338   Data           4  tasks.o(.data)
    __stdout                                 0x20000398   Data           4  stdout.o(.data)
    __microlib_freelist                      0x2000039c   Data           4  mvars.o(.data)
    __microlib_freelist_initialised          0x200003a0   Data           4  mvars.o(.data)
    Save_Data                                0x200003a8   Data         121  main.o(.bss)
    xQueueRegistry                           0x20000618   Data          80  queue.o(.bss)
    __heap_base                              0x20009950   Data           0  startup_stm32f10x_hd.o(HEAP)
    __heap_limit                             0x20009b50   Data           0  startup_stm32f10x_hd.o(HEAP)
    __initial_sp                             0x20009f50   Data           0  startup_stm32f10x_hd.o(STACK)



==============================================================================

Memory Map of the image

  Image Entry point : 0x08000131

  Load Region LR_IROM1 (Base: 0x08000000, Size: 0x000098d8, Max: 0x00080000, ABSOLUTE, COMPRESSED[0x00009614])

    Execution Region ER_IROM1 (Base: 0x08000000, Size: 0x00009530, Max: 0x00080000, ABSOLUTE)

    Base Addr    Size         Type   Attr      Idx    E Section Name        Object

    0x08000000   0x00000130   Data   RO            3    RESET               startup_stm32f10x_hd.o
    0x08000130   0x00000000   Code   RO          867  * .ARM.Collect$$$$00000000  mc_w.l(entry.o)
    0x08000130   0x00000004   Code   RO         1226    .ARM.Collect$$$$00000001  mc_w.l(entry2.o)
    0x08000134   0x00000004   Code   RO         1229    .ARM.Collect$$$$00000004  mc_w.l(entry5.o)
    0x08000138   0x00000000   Code   RO         1231    .ARM.Collect$$$$00000008  mc_w.l(entry7b.o)
    0x08000138   0x00000000   Code   RO         1233    .ARM.Collect$$$$0000000A  mc_w.l(entry8b.o)
    0x08000138   0x00000008   Code   RO         1234    .ARM.Collect$$$$0000000B  mc_w.l(entry9a.o)
    0x08000140   0x00000000   Code   RO         1236    .ARM.Collect$$$$0000000D  mc_w.l(entry10a.o)
    0x08000140   0x00000000   Code   RO         1238    .ARM.Collect$$$$0000000F  mc_w.l(entry11a.o)
    0x08000140   0x00000004   Code   RO         1227    .ARM.Collect$$$$00002712  mc_w.l(entry2.o)
    0x08000144   0x00000096   Code   RO          818    .emb_text           port.o
    0x080001da   0x00000002   PAD
    0x080001dc   0x00000024   Code   RO            4    .text               startup_stm32f10x_hd.o
    0x08000200   0x00000158   Code   RO           24    .text               system_stm32f10x.o
    0x08000358   0x000000b0   Code   RO          121    .text               misc.o
    0x08000408   0x00000708   Code   RO          161    .text               stm32f10x_can.o
    0x08000b10   0x00000264   Code   RO          270    .text               stm32f10x_gpio.o
    0x08000d74   0x000002b8   Code   RO          318    .text               stm32f10x_rcc.o
    0x0800102c   0x00000af0   Code   RO          369    .text               stm32f10x_tim.o
    0x08001b1c   0x00000328   Code   RO          382    .text               stm32f10x_usart.o
    0x08001e44   0x00000a48   Code   RO          406    .text               main.o
    0x0800288c   0x00000020   Code   RO          518    .text               stm32f10x_it.o
    0x080028ac   0x00000874   Code   RO          533    .text               bsp_usart.o
    0x08003120   0x00000084   Code   RO          572    .text               delay.o
    0x080031a4   0x000014e8   Code   RO          588    .text               cjson.o
    0x0800468c   0x000009ec   Code   RO          632    .text               can.o
    0x08005078   0x00000038   Code   RO          670    .text               beep.o
    0x080050b0   0x00000088   Code   RO          734    .text               list.o
    0x08005138   0x00000a58   Code   RO          746    .text               queue.o
    0x08005b90   0x000010c0   Code   RO          765    .text               tasks.o
    0x08006c50   0x00000214   Code   RO          803    .text               heap_4.o
    0x08006e64   0x000001f4   Code   RO          819    .text               port.o
    0x08007058   0x0000000c   Code   RO          870    .text               mc_w.l(tolower.o)
    0x08007064   0x00000024   Code   RO          872    .text               mc_w.l(memcpya.o)
    0x08007088   0x00000024   Code   RO          874    .text               mc_w.l(memseta.o)
    0x080070ac   0x00000024   Code   RO          876    .text               mc_w.l(strstr.o)
    0x080070d0   0x00000018   Code   RO          878    .text               mc_w.l(strncpy.o)
    0x080070e8   0x00000014   Code   RO          880    .text               mc_w.l(strchr.o)
    0x080070fc   0x0000000e   Code   RO          882    .text               mc_w.l(strlen.o)
    0x0800710a   0x0000001c   Code   RO          884    .text               mc_w.l(strcmp.o)
    0x08007126   0x00000012   Code   RO          886    .text               mc_w.l(strcpy.o)
    0x08007138   0x0000001e   Code   RO          888    .text               mc_w.l(strncmp.o)
    0x08007156   0x0000014e   Code   RO         1181    .text               mf_w.l(dadd.o)
    0x080072a4   0x000000e4   Code   RO         1183    .text               mf_w.l(dmul.o)
    0x08007388   0x00000022   Code   RO         1185    .text               mf_w.l(dflti.o)
    0x080073aa   0x0000001a   Code   RO         1187    .text               mf_w.l(dfltui.o)
    0x080073c4   0x00000018   Code   RO         1189    .text               mf_w.l(dfltul.o)
    0x080073dc   0x0000003e   Code   RO         1191    .text               mf_w.l(dfixi.o)
    0x0800741a   0x00000026   Code   RO         1193    .text               mf_w.l(f2d.o)
    0x08007440   0x00000030   Code   RO         1195    .text               mf_w.l(cdcmple.o)
    0x08007470   0x00000030   Code   RO         1197    .text               mf_w.l(cdrcmple.o)
    0x080074a0   0x0000002c   Code   RO         1241    .text               mc_w.l(uidiv.o)
    0x080074cc   0x00000062   Code   RO         1243    .text               mc_w.l(uldiv.o)
    0x0800752e   0x0000001e   Code   RO         1245    .text               mc_w.l(llshl.o)
    0x0800754c   0x00000020   Code   RO         1247    .text               mc_w.l(llushr.o)
    0x0800756c   0x00000024   Code   RO         1249    .text               mc_w.l(llsshr.o)
    0x08007590   0x0000009c   Code   RO         1260    .text               mc_w.l(strtod.o)
    0x0800762c   0x00000000   Code   RO         1262    .text               mc_w.l(iusefp.o)
    0x0800762c   0x000000ba   Code   RO         1263    .text               mf_w.l(depilogue.o)
    0x080076e6   0x000000de   Code   RO         1265    .text               mf_w.l(ddiv.o)
    0x080077c4   0x0000002e   Code   RO         1267    .text               mf_w.l(dscalb.o)
    0x080077f2   0x00000030   Code   RO         1269    .text               mf_w.l(dfixul.o)
    0x08007822   0x00000002   PAD
    0x08007824   0x00000024   Code   RO         1271    .text               mc_w.l(init.o)
    0x08007848   0x0000000a   Code   RO         1273    .text               mc_w.l(isspace_c.o)
    0x08007852   0x00000002   PAD
    0x08007854   0x00000338   Code   RO         1275    .text               mc_w.l(scanf_fp.o)
    0x08007b8c   0x00000040   Code   RO         1279    .text               mc_w.l(_sgetc.o)
    0x08007bcc   0x000000a2   Code   RO         1281    .text               mf_w.l(dsqrt.o)
    0x08007c6e   0x00000002   PAD
    0x08007c70   0x00000028   Code   RO         1283    .text               mc_w.l(ctype_c.o)
    0x08007c98   0x00000038   Code   RO         1286    .text               mf_w.l(d2f.o)
    0x08007cd0   0x0000006e   Code   RO         1288    .text               mf_w.l(fepilogue.o)
    0x08007d3e   0x00000056   Code   RO         1298    .text               mc_w.l(__dczerorl2.o)
    0x08007d94   0x00000020   Code   RO         1125    i.__0printf         mc_w.l(printfa.o)
    0x08007db4   0x00000028   Code   RO         1127    i.__0sprintf        mc_w.l(printfa.o)
    0x08007ddc   0x00000028   Code   RO         1213    i.__ARM_fpclassify  m_ws.l(fpclassify.o)
    0x08007e04   0x000000aa   Code   RO         1215    i.__kernel_poly     m_ws.l(poly.o)
    0x08007eae   0x00000002   PAD
    0x08007eb0   0x00000010   Code   RO         1199    i.__mathlib_dbl_divzero  m_ws.l(dunder.o)
    0x08007ec0   0x00000004   Code   RO         1201    i.__mathlib_dbl_infnan2  m_ws.l(dunder.o)
    0x08007ec4   0x0000000c   Code   RO         1202    i.__mathlib_dbl_invalid  m_ws.l(dunder.o)
    0x08007ed0   0x0000000e   Code   RO         1203    i.__mathlib_dbl_overflow  m_ws.l(dunder.o)
    0x08007ede   0x00000002   PAD
    0x08007ee0   0x00000010   Code   RO         1205    i.__mathlib_dbl_underflow  m_ws.l(dunder.o)
    0x08007ef0   0x0000000c   Code   RO         1254    i.__read_errno      mc_w.l(errno.o)
    0x08007efc   0x0000000e   Code   RO         1292    i.__scatterload_copy  mc_w.l(handlers.o)
    0x08007f0a   0x00000002   Code   RO         1293    i.__scatterload_null  mc_w.l(handlers.o)
    0x08007f0c   0x0000000e   Code   RO         1294    i.__scatterload_zeroinit  mc_w.l(handlers.o)
    0x08007f1a   0x00000002   PAD
    0x08007f1c   0x0000000c   Code   RO         1255    i.__set_errno       mc_w.l(errno.o)
    0x08007f28   0x00000164   Code   RO         1132    i._fp_digits        mc_w.l(printfa.o)
    0x0800808c   0x0000000e   Code   RO         1277    i._is_digit         mc_w.l(scanf_fp.o)
    0x0800809a   0x00000002   PAD
    0x0800809c   0x000006dc   Code   RO         1133    i._printf_core      mc_w.l(printfa.o)
    0x08008778   0x00000024   Code   RO         1134    i._printf_post_padding  mc_w.l(printfa.o)
    0x0800879c   0x0000002e   Code   RO         1135    i._printf_pre_padding  mc_w.l(printfa.o)
    0x080087ca   0x0000000a   Code   RO         1137    i._sputc            mc_w.l(printfa.o)
    0x080087d4   0x0000002a   Code   RO          850    i.atof              m_ws.l(atof.o)
    0x080087fe   0x00000002   PAD
    0x08008800   0x000000dc   Code   RO          854    i.floor             m_ws.l(floor.o)
    0x080088dc   0x00000050   Code   RO         1153    i.free              mc_w.l(malloc.o)
    0x0800892c   0x0000006c   Code   RO         1154    i.malloc            mc_w.l(malloc.o)
    0x08008998   0x000009b8   Code   RO          858    i.pow               m_ws.l(pow.o)
    0x08009350   0x0000004c   Code   RO         1219    i.sqrt              m_ws.l(sqrt.o)
    0x0800939c   0x00000007   Data   RO          589    .constdata          cjson.o
    0x080093a3   0x00000005   PAD
    0x080093a8   0x00000088   Data   RO          859    .constdata          m_ws.l(pow.o)
    0x08009430   0x00000008   Data   RO         1217    .constdata          m_ws.l(qnan.o)
    0x08009438   0x00000040   Data   RO         1284    .constdata          mc_w.l(ctype_c.o)
    0x08009478   0x00000098   Data   RO          641    .conststring        can.o
    0x08009510   0x00000020   Data   RO         1290    Region$$Table       anon$$obj.o


    Execution Region RW_IRAM1 (Base: 0x20000000, Size: 0x00009f50, Max: 0x00010000, ABSOLUTE, COMPRESSED[0x000000e4])

    Base Addr    Size         Type   Attr      Idx    E Section Name        Object

    0x20000000   0x00000014   Data   RW           25    .data               system_stm32f10x.o
    0x20000014   0x00000014   Data   RW          319    .data               stm32f10x_rcc.o
    0x20000028   0x00000038   Data   RW          411    .data               main.o
    0x20000060   0x00000054   Data   RW          535    .data               bsp_usart.o
    0x200000b4   0x0000000c   Data   RW          590    .data               cjson.o
    0x200000c0   0x00000001   Data   RW          642    .data               can.o
    0x200000c1   0x00000003   PAD
    0x200000c4   0x00000258   Data   RW          643    .data               can.o
    0x2000031c   0x00000019   Data   RW          644    .data               can.o
    0x20000335   0x00000003   PAD
    0x20000338   0x0000003c   Data   RW          767    .data               tasks.o
    0x20000374   0x00000018   Data   RW          805    .data               heap_4.o
    0x2000038c   0x0000000c   Data   RW          820    .data               port.o
    0x20000398   0x00000004   Data   RW         1240    .data               mc_w.l(stdout.o)
    0x2000039c   0x00000004   Data   RW         1251    .data               mc_w.l(mvars.o)
    0x200003a0   0x00000004   Data   RW         1252    .data               mc_w.l(mvars.o)
    0x200003a4   0x00000004   Data   RW         1256    .data               mc_w.l(errno.o)
    0x200003a8   0x00000079   Zero   RW          407    .bss                main.o
    0x20000421   0x000001f4   Zero   RW          534    .bss                bsp_usart.o
    0x20000615   0x00000003   PAD
    0x20000618   0x00000050   Zero   RW          747    .bss                queue.o
    0x20000668   0x000002e4   Zero   RW          766    .bss                tasks.o
    0x2000094c   0x00009000   Zero   RW          804    .bss                heap_4.o
    0x2000994c   0x00000004   PAD
    0x20009950   0x00000200   Zero   RW            2    HEAP                startup_stm32f10x_hd.o
    0x20009b50   0x00000400   Zero   RW            1    STACK               startup_stm32f10x_hd.o


==============================================================================

Image component sizes


      Code (inc. data)   RO Data    RW Data    ZI Data      Debug   Object Name

        56          6          0          0          0        508   beep.o
      2164        366          0         84        500      10045   bsp_usart.o
      2540        660        152        626          0      10761   can.o
      5352        170          7         12          0      19986   cjson.o
         0          0          0          0          0       4496   core_cm3.o
       132          6          0          0          0       1579   delay.o
         0          0          0          0          0       9416   event_groups.o
       532         66          0         24      36864       3136   heap_4.o
       136          0          0          0          0       1690   list.o
      2632        732          0         56        121      28434   main.o
       176         14          0          0          0       1725   misc.o
       650         90          0         12          0       7693   port.o
      2648         58          0          0         80      12846   queue.o
        36          8        304          0       1536        872   startup_stm32f10x_hd.o
      1800         44          0          0          0       7324   stm32f10x_can.o
       612         36          0          0          0       4997   stm32f10x_gpio.o
        32          0          0          0          0       1143   stm32f10x_it.o
       696         32          0         20          0       8124   stm32f10x_rcc.o
      2800         84          0          0          0      18222   stm32f10x_tim.o
       808         22          0          0          0       7324   stm32f10x_usart.o
       344         34          0         20          0     258675   system_stm32f10x.o
      4288        176          0         60        740      26631   tasks.o

    ----------------------------------------------------------------------
     28436       2604        500        920      39848     445627   Object Totals
         0          0         32          0          0          0   (incl. Generated)
         2          0          5          6          7          0   (incl. Padding)

    ----------------------------------------------------------------------

      Code (inc. data)   RO Data    RW Data    ZI Data      Debug   Library Member Name

        42          0          0          0          0         84   atof.o
        62         10          0          0          0        340   dunder.o
       220         16          0          0          0         84   floor.o
        40          0          0          0          0         68   fpclassify.o
       170          0          0          0          0         96   poly.o
      2488        190        136          0          0        300   pow.o
         0          0          8          0          0          0   qnan.o
        76          0          0          0          0         84   sqrt.o
        86          0          0          0          0          0   __dczerorl2.o
        64          0          0          0          0         84   _sgetc.o
        40          6         64          0          0         68   ctype_c.o
         0          0          0          0          0          0   entry.o
         0          0          0          0          0          0   entry10a.o
         0          0          0          0          0          0   entry11a.o
         8          4          0          0          0          0   entry2.o
         4          0          0          0          0          0   entry5.o
         0          0          0          0          0          0   entry7b.o
         0          0          0          0          0          0   entry8b.o
         8          4          0          0          0          0   entry9a.o
        24         12          0          4          0        136   errno.o
        30          0          0          0          0          0   handlers.o
        36          8          0          0          0         68   init.o
        10          0          0          0          0         68   isspace_c.o
         0          0          0          0          0          0   iusefp.o
        30          0          0          0          0         68   llshl.o
        36          0          0          0          0         68   llsshr.o
        32          0          0          0          0         68   llushr.o
       188         20          0          0          0        160   malloc.o
        36          0          0          0          0         68   memcpya.o
        36          0          0          0          0        108   memseta.o
         0          0          0          8          0          0   mvars.o
      2276         96          0          0          0        596   printfa.o
       838         12          0          0          0        216   scanf_fp.o
         0          0          0          4          0          0   stdout.o
        20          0          0          0          0         68   strchr.o
        28          0          0          0          0         76   strcmp.o
        18          0          0          0          0         68   strcpy.o
        14          0          0          0          0         68   strlen.o
        30          0          0          0          0         80   strncmp.o
        24          0          0          0          0         76   strncpy.o
        36          0          0          0          0         80   strstr.o
       156         14          0          0          0        120   strtod.o
        12          0          0          0          0         68   tolower.o
        44          0          0          0          0         80   uidiv.o
        98          0          0          0          0         92   uldiv.o
        48          0          0          0          0         68   cdcmple.o
        48          0          0          0          0         68   cdrcmple.o
        56          0          0          0          0         88   d2f.o
       334          0          0          0          0        148   dadd.o
       222          0          0          0          0        100   ddiv.o
       186          0          0          0          0        176   depilogue.o
        62          0          0          0          0         80   dfixi.o
        48          0          0          0          0         68   dfixul.o
        34          0          0          0          0         76   dflti.o
        26          0          0          0          0         76   dfltui.o
        24          0          0          0          0         76   dfltul.o
       228          0          0          0          0         96   dmul.o
        46          0          0          0          0         80   dscalb.o
       162          0          0          0          0        100   dsqrt.o
        38          0          0          0          0         68   f2d.o
       110          0          0          0          0        168   fepilogue.o

    ----------------------------------------------------------------------
      9048        392        208         16          0       5244   Library Totals
        16          0          0          0          0          0   (incl. Padding)

    ----------------------------------------------------------------------

      Code (inc. data)   RO Data    RW Data    ZI Data      Debug   Library Name

      3098        216        144          0          0       1056   m_ws.l
      4262        176         64         16          0       2652   mc_w.l
      1672          0          0          0          0       1536   mf_w.l

    ----------------------------------------------------------------------
      9048        392        208         16          0       5244   Library Totals

    ----------------------------------------------------------------------

==============================================================================


      Code (inc. data)   RO Data    RW Data    ZI Data      Debug   

     37484       2996        708        936      39848     445071   Grand Totals
     37484       2996        708        228      39848     445071   ELF Image Totals (compressed)
     37484       2996        708        228          0          0   ROM Totals

==============================================================================

    Total RO  Size (Code + RO Data)                38192 (  37.30kB)
    Total RW  Size (RW Data + ZI Data)             40784 (  39.83kB)
    Total ROM Size (Code + RO Data + RW Data)      38420 (  37.52kB)

==============================================================================

